\BOOKMARK [1][-]{section.1}{ Setup}{}
\BOOKMARK [2][-]{subsection.1.1}{ Command history}{section.1}
\BOOKMARK [2][-]{subsection.1.2}{ Configuration}{section.1}
\BOOKMARK [1][-]{section.2}{ Datasets}{}
\BOOKMARK [2][-]{subsection.2.1}{ defaultset}{section.2}
\BOOKMARK [1][-]{section.3}{ Histos and cuts}{}
\BOOKMARK [2][-]{subsection.3.1}{ Histogram 1}{section.3}
\BOOKMARK [2][-]{subsection.3.2}{ Histogram 2}{section.3}
